// Jest Snapshot v1, https://goo.gl/fbAQLP

exports[`<Block /> should render Block 1`] = `
<Block
  subtitle="block subtitle"
  title="block title"
>
  <div
    className="block"
  >
    <div
      className="block__container"
    >
      <BlockContent
        subtitle="block subtitle"
        title="block title"
      >
        <div>
          <p
            className="block__title"
          >
            block title
          </p>
          <p
            className="block__subtitle"
          >
            block subtitle
          </p>
        </div>
      </BlockContent>
    </div>
  </div>
</Block>
`;
